[
    {
        "name": "Aldburg",
        "flags": [
            {
                "0": {
                    "x": 13467,
                    "y": 62,
                    "z": -13745
                },
                "1": {
                    "x": 13460,
                    "y": 62,
                    "z": -13651
                },
                "2": {
                    "x": 13456,
                    "y": 51,
                    "z": -13560
                }
            }
        ],
        "spawns": [
            {
                "blue": {
                    "pitch": -7.84,
                    "yaw": 231.89,
                    "x": 13360,
                    "y": 44,
                    "z": -13582
                },
                "red": {
                    "pitch": 4.46,
                    "yaw": 109.19,
                    "x": 13589,
                    "y": 59,
                    "z": -13613
                },
                "spectator": {
                    "pitch": 5.51,
                    "yaw": 114.74,
                    "x": 13463,
                    "y": 99,
                    "z": -13628
                }
            }
        ]
    }
]