[
    {
        "name": "Tharbad",
        "flags": [
            {
                "0": {
                    "x": 4704,
                    "y": 19,
                    "z": -2543
                },
                "1": {
                    "x": 4804,
                    "y": 37,
                    "z": -2459
                },
                "2": {
                    "x": 4939,
                    "y": 14,
                    "z": -2441
                },
                "3": {
                    "x": 4934,
                    "y": 17,
                    "z": -2337
                }
            }
        ],
        "spawns": [
            {
                "blue": {
                    "pitch": 1.61,
                    "yaw": -236.86,
                    "x": 4866,
                    "y": 21,
                    "z": -2286
                },
                "red": {
                    "pitch": 3.26,
                    "yaw": -83.71,
                    "x": 4838,
                    "y": 20,
                    "z": -2634
                },
                "spectator": {
                    "pitch": 10.16,
                    "yaw": -307.36,
                    "x": 4853,
                    "y": 41,
                    "z": -2490
                }
            }
        ]
    }
]